TAP version 13
ok 1 - addition 1 + 2 = 3 # time=3.671ms
not ok 2 - addition 5 + 5 = 15 # time=12.338ms
  ---
  found: 15
  wanted: 10
  compare: ===
  at:
    line: 10
    column: 5
    file: test/fixtures/no-subtests-failures.js
    type: Test
    function: test
  stack: |
    Test.test (test/fixtures/no-subtests-failures.js:10:5)
    Object.<anonymous> (test/fixtures/no-subtests-failures.js:9:1)
  source: |
    t.equal(15, 5 + 5);
  ...
ok 3 - addition 1 + 0 = 1 # time=0.469ms
ok 4 - addition 1 + -1 = 0 # time=0.632ms
ok 5 - multiplication 10 * 0 = 0 # time=0.351ms
ok 6 - multiplication 10 * 1 = 10 # time=0.326ms
not ok 7 - multiplication 10 * 10 = 110 # time=4.801ms
  ---
  found: 110
  wanted: 100
  compare: ===
  at:
    line: 36
    column: 5
    file: test/fixtures/no-subtests-failures.js
    type: Test
    function: test
  stack: |
    Test.test (test/fixtures/no-subtests-failures.js:36:5)
    Object.<anonymous> (test/fixtures/no-subtests-failures.js:35:1)
  source: |
    t.equal(110, 10 * 10);
  ...
ok 8 - multiplication 10 * 0.5 = 5 # time=1.432ms

1..8
# failed 2 of 8 tests
# time=41.711ms
